
Invalid `__TURBOPACK__imported__module__$5b$project$5d2f$src$2f$lib$2f$prisma$2e$ts__$5b$app$2d$rsc$5d$__$28$ecmascript$29$__["prisma"].produit.update()` invocation in
C:\Users\HP\Documents\PROSPECTION LONGRICH\prospection-app\.next\dev\server\chunks\ssr\[root-of-the-server]__0c4og56._.js:110:166

  107 async function updateProduct(id, data) {
  108     try {
  109         const { imageUrl, ...restData } = data;
→ 110         const product = await __TURBOPACK__imported__module__$5b$project$5d2f$src$2f$lib$2f$prisma$2e$ts__$5b$app$2d$rsc$5d$__$28$ecmascript$29$__["prisma"].produit.update({
                where: {
                  id: 175
                },
                data: {
                  name: "Arthemisin anti bacteria soap (savon anti bactérien Arthemisia)",
                  partnerPrice: 2600,
                  publicPrice: 3120,
                  pv: 2.5,
                  ~~
                  description: "Savon exfoliant naturel antibactérien. Nettoie en profondeur et élimine les impuretés de la peau.",
                  posology: "",
                  image: null,
              ?   createdAt?: DateTime | DateTimeFieldUpdateOperationsInput,
              ?   updatedAt?: DateTime | DateTimeFieldUpdateOperationsInput
                }
              })

Unknown argument `pv`. Available options are marked with ?.\nPrismaClientValidationError: 
Invalid `__TURBOPACK__imported__module__$5b$project$5d2f$src$2f$lib$2f$prisma$2e$ts__$5b$app$2d$rsc$5d$__$28$ecmascript$29$__["prisma"].produit.update()` invocation in
C:\Users\HP\Documents\PROSPECTION LONGRICH\prospection-app\.next\dev\server\chunks\ssr\[root-of-the-server]__0c4og56._.js:110:166

  107 async function updateProduct(id, data) {
  108     try {
  109         const { imageUrl, ...restData } = data;
→ 110         const product = await __TURBOPACK__imported__module__$5b$project$5d2f$src$2f$lib$2f$prisma$2e$ts__$5b$app$2d$rsc$5d$__$28$ecmascript$29$__["prisma"].produit.update({
                where: {
                  id: 175
                },
                data: {
                  name: "Arthemisin anti bacteria soap (savon anti bactérien Arthemisia)",
                  partnerPrice: 2600,
                  publicPrice: 3120,
                  pv: 2.5,
                  ~~
                  description: "Savon exfoliant naturel antibactérien. Nettoie en profondeur et élimine les impuretés de la peau.",
                  posology: "",
                  image: null,
              ?   createdAt?: DateTime | DateTimeFieldUpdateOperationsInput,
              ?   updatedAt?: DateTime | DateTimeFieldUpdateOperationsInput
                }
              })

Unknown argument `pv`. Available options are marked with ?.
    at ar (C:\Users\HP\Documents\PROSPECTION LONGRICH\prospection-app\node_modules\@prisma\client\runtime\client.js:10:1374)
    at Jr.handleRequestError (C:\Users\HP\Documents\PROSPECTION LONGRICH\prospection-app\node_modules\@prisma\client\runtime\client.js:65:7929)
    at Jr.handleAndLogRequestError (C:\Users\HP\Documents\PROSPECTION LONGRICH\prospection-app\node_modules\@prisma\client\runtime\client.js:65:7581)
    at Jr.request (C:\Users\HP\Documents\PROSPECTION LONGRICH\prospection-app\node_modules\@prisma\client\runtime\client.js:65:7288)
    at process.processTicksAndRejections (node:internal/process/task_queues:104:5)
    at async a (C:\Users\HP\Documents\PROSPECTION LONGRICH\prospection-app\node_modules\@prisma\client\runtime\client.js:99:6862)
    at async updateProduct (C:\Users\HP\Documents\PROSPECTION LONGRICH\prospection-app\.next\dev\server\chunks\ssr\[root-of-the-server]__0c4og56._.js:110:25)
    at async executeActionAndPrepareForRender (C:\Users\HP\Documents\PROSPECTION LONGRICH\prospection-app\node_modules\next\dist\compiled\next-server\app-page-turbo.runtime.dev.js:66:5248)
    at async C:\Users\HP\Documents\PROSPECTION LONGRICH\prospection-app\node_modules\next\dist\compiled\next-server\app-page-turbo.runtime.dev.js:66:1986
    at async handleAction (C:\Users\HP\Documents\PROSPECTION LONGRICH\prospection-app\node_modules\next\dist\compiled\next-server\app-page-turbo.runtime.dev.js:64:26472)
    at async renderToHTMLOrFlightImpl (C:\Users\HP\Documents\PROSPECTION LONGRICH\prospection-app\node_modules\next\dist\compiled\next-server\app-page-turbo.runtime.dev.js:70:55695)
    at async doRender (C:\Users\HP\Documents\PROSPECTION LONGRICH\prospection-app\.next\dev\server\chunks\ssr\node_modules_194cktm._.js:4062:28)
    at async AppPageRouteModule.handleResponse (C:\Users\HP\Documents\PROSPECTION LONGRICH\prospection-app\node_modules\next\dist\compiled\next-server\app-page-turbo.runtime.dev.js:72:67020)
    at async handleResponse (C:\Users\HP\Documents\PROSPECTION LONGRICH\prospection-app\.next\dev\server\chunks\ssr\node_modules_194cktm._.js:4373:32)
    at async Module.handler (C:\Users\HP\Documents\PROSPECTION LONGRICH\prospection-app\.next\dev\server\chunks\ssr\node_modules_194cktm._.js:4779:20)
    at async DevServer.renderToResponseWithComponentsImpl (C:\Users\HP\Documents\PROSPECTION LONGRICH\prospection-app\node_modules\next\dist\server\base-server.js:1462:9)
    at async DevServer.renderPageComponent (C:\Users\HP\Documents\PROSPECTION LONGRICH\prospection-app\node_modules\next\dist\server\base-server.js:1514:24)
    at async DevServer.renderToResponseImpl (C:\Users\HP\Documents\PROSPECTION LONGRICH\prospection-app\node_modules\next\dist\server\base-server.js:1564:32)
    at async DevServer.pipeImpl (C:\Users\HP\Documents\PROSPECTION LONGRICH\prospection-app\node_modules\next\dist\server\base-server.js:1044:25)
    at async NextNodeServer.handleCatchallRenderRequest (C:\Users\HP\Documents\PROSPECTION LONGRICH\prospection-app\node_modules\next\dist\server\next-server.js:338:17)
    at async DevServer.handleRequestImpl (C:\Users\HP\Documents\PROSPECTION LONGRICH\prospection-app\node_modules\next\dist\server\base-server.js:935:17)
    at async C:\Users\HP\Documents\PROSPECTION LONGRICH\prospection-app\node_modules\next\dist\server\dev\next-dev-server.js:394:20
    at async Span.traceAsyncFn (C:\Users\HP\Documents\PROSPECTION LONGRICH\prospection-app\node_modules\next\dist\trace\trace.js:164:20)
    at async DevServer.handleRequest (C:\Users\HP\Documents\PROSPECTION LONGRICH\prospection-app\node_modules\next\dist\server\dev\next-dev-server.js:390:24)
    at async invokeRender (C:\Users\HP\Documents\PROSPECTION LONGRICH\prospection-app\node_modules\next\dist\server\lib\router-server.js:266:21)
    at async handleRequest (C:\Users\HP\Documents\PROSPECTION LONGRICH\prospection-app\node_modules\next\dist\server\lib\router-server.js:465:24)
    at async requestHandlerImpl (C:\Users\HP\Documents\PROSPECTION LONGRICH\prospection-app\node_modules\next\dist\server\lib\router-server.js:514:13)
    at async Server.requestListener (C:\Users\HP\Documents\PROSPECTION LONGRICH\prospection-app\node_modules\next\dist\server\lib\start-server.js:225:13)\n{
  "name": "PrismaClientValidationError",
  "clientVersion": "7.9.1"
}